[runner] missing jobs: 10
  cleanrl_sb3mode_torch CartPole-v1 seed=0
  cleanrl_sb3mode_torch CartPole-v1 seed=1
  cleanrl_sb3mode_torch CartPole-v1 seed=2
  cleanrl_sb3mode_torch CartPole-v1 seed=3
  cleanrl_sb3mode_torch CartPole-v1 seed=4
  jax_sb3 CartPole-v1 seed=0
  jax_sb3 CartPole-v1 seed=1
  jax_sb3 CartPole-v1 seed=2
  jax_sb3 CartPole-v1 seed=3
  jax_sb3 CartPole-v1 seed=4
[runner] done ('cleanrl_sb3mode_torch', 'CartPole-v1', 0) -> OK
[runner] done ('cleanrl_sb3mode_torch', 'CartPole-v1', 1) -> OK
[runner] done ('cleanrl_sb3mode_torch', 'CartPole-v1', 2) -> OK
[runner] done ('cleanrl_sb3mode_torch', 'CartPole-v1', 3) -> OK
[runner] done ('cleanrl_sb3mode_torch', 'CartPole-v1', 4) -> OK
[runner] done ('jax_sb3', 'CartPole-v1', 0) -> OK
[runner] done ('jax_sb3', 'CartPole-v1', 1) -> OK
[runner] done ('jax_sb3', 'CartPole-v1', 2) -> OK
[runner] done ('jax_sb3', 'CartPole-v1', 3) -> OK
[runner] done ('jax_sb3', 'CartPole-v1', 4) -> OK
[runner] ALL OK
