[runner] missing jobs: 20
  jax_abl_novclip LunarLander-v3 seed=0
  jax_abl_novclip LunarLander-v3 seed=1
  jax_abl_novclip LunarLander-v3 seed=2
  jax_abl_novclip LunarLander-v3 seed=3
  jax_abl_novclip LunarLander-v3 seed=4
  jax_abl_noanneal LunarLander-v3 seed=0
  jax_abl_noanneal LunarLander-v3 seed=1
  jax_abl_noanneal LunarLander-v3 seed=2
  jax_abl_noanneal LunarLander-v3 seed=3
  jax_abl_noanneal LunarLander-v3 seed=4
  jax_abl_fullmse LunarLander-v3 seed=0
  jax_abl_fullmse LunarLander-v3 seed=1
  jax_abl_fullmse LunarLander-v3 seed=2
  jax_abl_fullmse LunarLander-v3 seed=3
  jax_abl_fullmse LunarLander-v3 seed=4
  jax_abl_tboot LunarLander-v3 seed=0
  jax_abl_tboot LunarLander-v3 seed=1
  jax_abl_tboot LunarLander-v3 seed=2
  jax_abl_tboot LunarLander-v3 seed=3
  jax_abl_tboot LunarLander-v3 seed=4
[runner] done ('jax_abl_novclip', 'LunarLander-v3', 0) -> OK
[runner] done ('jax_abl_novclip', 'LunarLander-v3', 1) -> OK
[runner] done ('jax_abl_novclip', 'LunarLander-v3', 2) -> OK
[runner] done ('jax_abl_novclip', 'LunarLander-v3', 3) -> OK
[runner] done ('jax_abl_novclip', 'LunarLander-v3', 4) -> OK
[runner] done ('jax_abl_noanneal', 'LunarLander-v3', 0) -> OK
[runner] done ('jax_abl_noanneal', 'LunarLander-v3', 1) -> OK
[runner] done ('jax_abl_noanneal', 'LunarLander-v3', 2) -> OK
[runner] done ('jax_abl_noanneal', 'LunarLander-v3', 3) -> OK
[runner] done ('jax_abl_noanneal', 'LunarLander-v3', 4) -> OK
[runner] done ('jax_abl_fullmse', 'LunarLander-v3', 0) -> OK
[runner] done ('jax_abl_fullmse', 'LunarLander-v3', 1) -> OK
[runner] done ('jax_abl_fullmse', 'LunarLander-v3', 2) -> OK
[runner] done ('jax_abl_fullmse', 'LunarLander-v3', 3) -> OK
[runner] done ('jax_abl_fullmse', 'LunarLander-v3', 4) -> OK
[runner] done ('jax_abl_tboot', 'LunarLander-v3', 0) -> OK
[runner] done ('jax_abl_tboot', 'LunarLander-v3', 1) -> OK
[runner] done ('jax_abl_tboot', 'LunarLander-v3', 2) -> OK
[runner] done ('jax_abl_tboot', 'LunarLander-v3', 3) -> OK
[runner] done ('jax_abl_tboot', 'LunarLander-v3', 4) -> OK
[runner] ALL OK
