[runner] missing jobs: 20
  cleanrl_torch LunarLander-v3 seed=0
  cleanrl_torch LunarLander-v3 seed=1
  cleanrl_torch LunarLander-v3 seed=2
  cleanrl_torch LunarLander-v3 seed=3
  cleanrl_torch LunarLander-v3 seed=4
  cleanrl_sb3mode_torch LunarLander-v3 seed=0
  cleanrl_sb3mode_torch LunarLander-v3 seed=1
  cleanrl_sb3mode_torch LunarLander-v3 seed=2
  cleanrl_sb3mode_torch LunarLander-v3 seed=3
  cleanrl_sb3mode_torch LunarLander-v3 seed=4
  jax_sb3 LunarLander-v3 seed=0
  jax_sb3 LunarLander-v3 seed=1
  jax_sb3 LunarLander-v3 seed=2
  jax_sb3 LunarLander-v3 seed=3
  jax_sb3 LunarLander-v3 seed=4
  jax_cleanrl LunarLander-v3 seed=0
  jax_cleanrl LunarLander-v3 seed=1
  jax_cleanrl LunarLander-v3 seed=2
  jax_cleanrl LunarLander-v3 seed=3
  jax_cleanrl LunarLander-v3 seed=4
[runner] done ('cleanrl_torch', 'LunarLander-v3', 0) -> OK
[runner] done ('cleanrl_torch', 'LunarLander-v3', 1) -> OK
[runner] done ('cleanrl_torch', 'LunarLander-v3', 2) -> OK
[runner] done ('cleanrl_torch', 'LunarLander-v3', 3) -> OK
[runner] done ('cleanrl_torch', 'LunarLander-v3', 4) -> OK
[runner] done ('cleanrl_sb3mode_torch', 'LunarLander-v3', 0) -> OK
[runner] done ('cleanrl_sb3mode_torch', 'LunarLander-v3', 1) -> OK
[runner] done ('cleanrl_sb3mode_torch', 'LunarLander-v3', 2) -> OK
[runner] done ('cleanrl_sb3mode_torch', 'LunarLander-v3', 3) -> OK
[runner] done ('cleanrl_sb3mode_torch', 'LunarLander-v3', 4) -> OK
[runner] done ('jax_sb3', 'LunarLander-v3', 0) -> OK
[runner] done ('jax_sb3', 'LunarLander-v3', 1) -> OK
[runner] done ('jax_sb3', 'LunarLander-v3', 2) -> OK
[runner] done ('jax_sb3', 'LunarLander-v3', 3) -> OK
[runner] done ('jax_sb3', 'LunarLander-v3', 4) -> OK
[runner] done ('jax_cleanrl', 'LunarLander-v3', 0) -> OK
[runner] done ('jax_cleanrl', 'LunarLander-v3', 1) -> OK
[runner] done ('jax_cleanrl', 'LunarLander-v3', 2) -> OK
[runner] done ('jax_cleanrl', 'LunarLander-v3', 3) -> OK
[runner] done ('jax_cleanrl', 'LunarLander-v3', 4) -> OK
[runner] ALL OK
